// Jest Snapshot v1, https://goo.gl/fbAQLP

exports[`JobCard it matches snapshot 1`] = `
<DocumentFragment>
  <div>
    loading...
  </div>
</DocumentFragment>
`;
